Archive member included to satisfy reference by file (symbol)

C:/ST/STM32CubeIDE_1.13.0/STM32CubeIDE/plugins/com.st.stm32cube.ide.mcu.externaltools.gnu-tools-for-stm32.11.3.rel1.win32_1.1.100.202309141235/tools/bin/../lib/gcc/arm-none-eabi/11.3.1/../../../../arm-none-eabi/lib/thumb/v7-m/nofp\libc_nano.a(libc_a-exit.o)
                              C:/ST/STM32CubeIDE_1.13.0/STM32CubeIDE/plugins/com.st.stm32cube.ide.mcu.externaltools.gnu-tools-for-stm32.11.3.rel1.win32_1.1.100.202309141235/tools/bin/../lib/gcc/arm-none-eabi/11.3.1/../../../../arm-none-eabi/lib/thumb/v7-m/nofp/crt0.o (exit)
C:/ST/STM32CubeIDE_1.13.0/STM32CubeIDE/plugins/com.st.stm32cube.ide.mcu.externaltools.gnu-tools-for-stm32.11.3.rel1.win32_1.1.100.202309141235/tools/bin/../lib/gcc/arm-none-eabi/11.3.1/../../../../arm-none-eabi/lib/thumb/v7-m/nofp\libc_nano.a(libc_a-findfp.o)
                              C:/ST/STM32CubeIDE_1.13.0/STM32CubeIDE/plugins/com.st.stm32cube.ide.mcu.externaltools.gnu-tools-for-stm32.11.3.rel1.win32_1.1.100.202309141235/tools/bin/../lib/gcc/arm-none-eabi/11.3.1/../../../../arm-none-eabi/lib/thumb/v7-m/nofp\libc_nano.a(libc_a-exit.o) (__stdio_exit_handler)
C:/ST/STM32CubeIDE_1.13.0/STM32CubeIDE/plugins/com.st.stm32cube.ide.mcu.externaltools.gnu-tools-for-stm32.11.3.rel1.win32_1.1.100.202309141235/tools/bin/../lib/gcc/arm-none-eabi/11.3.1/../../../../arm-none-eabi/lib/thumb/v7-m/nofp\libc_nano.a(libc_a-fwalk.o)
                              C:/ST/STM32CubeIDE_1.13.0/STM32CubeIDE/plugins/com.st.stm32cube.ide.mcu.externaltools.gnu-tools-for-stm32.11.3.rel1.win32_1.1.100.202309141235/tools/bin/../lib/gcc/arm-none-eabi/11.3.1/../../../../arm-none-eabi/lib/thumb/v7-m/nofp\libc_nano.a(libc_a-findfp.o) (_fwalk_sglue)
C:/ST/STM32CubeIDE_1.13.0/STM32CubeIDE/plugins/com.st.stm32cube.ide.mcu.externaltools.gnu-tools-for-stm32.11.3.rel1.win32_1.1.100.202309141235/tools/bin/../lib/gcc/arm-none-eabi/11.3.1/../../../../arm-none-eabi/lib/thumb/v7-m/nofp\libc_nano.a(libc_a-stdio.o)
                              C:/ST/STM32CubeIDE_1.13.0/STM32CubeIDE/plugins/com.st.stm32cube.ide.mcu.externaltools.gnu-tools-for-stm32.11.3.rel1.win32_1.1.100.202309141235/tools/bin/../lib/gcc/arm-none-eabi/11.3.1/../../../../arm-none-eabi/lib/thumb/v7-m/nofp\libc_nano.a(libc_a-findfp.o) (__sread)
C:/ST/STM32CubeIDE_1.13.0/STM32CubeIDE/plugins/com.st.stm32cube.ide.mcu.externaltools.gnu-tools-for-stm32.11.3.rel1.win32_1.1.100.202309141235/tools/bin/../lib/gcc/arm-none-eabi/11.3.1/../../../../arm-none-eabi/lib/thumb/v7-m/nofp\libc_nano.a(libc_a-memset.o)
                              C:/ST/STM32CubeIDE_1.13.0/STM32CubeIDE/plugins/com.st.stm32cube.ide.mcu.externaltools.gnu-tools-for-stm32.11.3.rel1.win32_1.1.100.202309141235/tools/bin/../lib/gcc/arm-none-eabi/11.3.1/../../../../arm-none-eabi/lib/thumb/v7-m/nofp/crt0.o (memset)
C:/ST/STM32CubeIDE_1.13.0/STM32CubeIDE/plugins/com.st.stm32cube.ide.mcu.externaltools.gnu-tools-for-stm32.11.3.rel1.win32_1.1.100.202309141235/tools/bin/../lib/gcc/arm-none-eabi/11.3.1/../../../../arm-none-eabi/lib/thumb/v7-m/nofp\libc_nano.a(libc_a-closer.o)
                              C:/ST/STM32CubeIDE_1.13.0/STM32CubeIDE/plugins/com.st.stm32cube.ide.mcu.externaltools.gnu-tools-for-stm32.11.3.rel1.win32_1.1.100.202309141235/tools/bin/../lib/gcc/arm-none-eabi/11.3.1/../../../../arm-none-eabi/lib/thumb/v7-m/nofp\libc_nano.a(libc_a-stdio.o) (_close_r)
C:/ST/STM32CubeIDE_1.13.0/STM32CubeIDE/plugins/com.st.stm32cube.ide.mcu.externaltools.gnu-tools-for-stm32.11.3.rel1.win32_1.1.100.202309141235/tools/bin/../lib/gcc/arm-none-eabi/11.3.1/../../../../arm-none-eabi/lib/thumb/v7-m/nofp\libc_nano.a(libc_a-reent.o)
                              C:/ST/STM32CubeIDE_1.13.0/STM32CubeIDE/plugins/com.st.stm32cube.ide.mcu.externaltools.gnu-tools-for-stm32.11.3.rel1.win32_1.1.100.202309141235/tools/bin/../lib/gcc/arm-none-eabi/11.3.1/../../../../arm-none-eabi/lib/thumb/v7-m/nofp\libc_nano.a(libc_a-closer.o) (errno)
C:/ST/STM32CubeIDE_1.13.0/STM32CubeIDE/plugins/com.st.stm32cube.ide.mcu.externaltools.gnu-tools-for-stm32.11.3.rel1.win32_1.1.100.202309141235/tools/bin/../lib/gcc/arm-none-eabi/11.3.1/../../../../arm-none-eabi/lib/thumb/v7-m/nofp\libc_nano.a(libc_a-impure.o)
                              C:/ST/STM32CubeIDE_1.13.0/STM32CubeIDE/plugins/com.st.stm32cube.ide.mcu.externaltools.gnu-tools-for-stm32.11.3.rel1.win32_1.1.100.202309141235/tools/bin/../lib/gcc/arm-none-eabi/11.3.1/../../../../arm-none-eabi/lib/thumb/v7-m/nofp\libc_nano.a(libc_a-reent.o) (_impure_ptr)
C:/ST/STM32CubeIDE_1.13.0/STM32CubeIDE/plugins/com.st.stm32cube.ide.mcu.externaltools.gnu-tools-for-stm32.11.3.rel1.win32_1.1.100.202309141235/tools/bin/../lib/gcc/arm-none-eabi/11.3.1/../../../../arm-none-eabi/lib/thumb/v7-m/nofp\libc_nano.a(libc_a-lseekr.o)
[...]
Memory Configuration

Name             Origin             Length             Attributes
RAM              0x0000000020000000 0x0000000000002800 xrw
FLASH            0x0000000008000000 0x0000000000008000 xr
*default*        0x0000000000000000 0xffffffffffffffff

Linker script and memory map

LOAD C:/ST/STM32CubeIDE_1.13.0/STM32CubeIDE/plugins/com.st.stm32cube.ide.mcu.externaltools.gnu-tools-for-stm32.11.3.rel1.win32_1.1.100.202309141235/tools/bin/../lib/gcc/arm-none-eabi/11.3.1/thumb/v7-m/nofp/crti.o
LOAD C:/ST/STM32CubeIDE_1.13.0/STM32CubeIDE/plugins/com.st.stm32cube.ide.mcu.externaltools.gnu-tools-for-stm32.11.3.rel1.win32_1.1.100.202309141235/tools/bin/../lib/gcc/arm-none-eabi/11.3.1/thumb/v7-m/nofp/crtbegin.o
LOAD C:/ST/STM32CubeIDE_1.13.0/STM32CubeIDE/plugins/com.st.stm32cube.ide.mcu.externaltools.gnu-tools-for-stm32.11.3.rel1.win32_1.1.100.202309141235/tools/bin/../lib/gcc/arm-none-eabi/11.3.1/../../../../arm-none-eabi/lib/thumb/v7-m/nofp/crt0.o
LOAD ./Core/Src/display7SEG.o
LOAD ./Core/Src/fsm_auto.o
LOAD ./Core/Src/fsm_manual.o
LOAD ./Core/Src/global.o
LOAD ./Core/Src/input_reading.o
LOAD ./Core/Src/light_traffic.o
LOAD ./Core/Src/main.o
LOAD ./Core/Src/soft_timer.o
LOAD ./Core/Src/stm32f1xx_hal_msp.o
LOAD ./Core/Src/stm32f1xx_it.o
LOAD ./Core/Src/syscalls.o
LOAD ./Core/Src/sysmem.o
LOAD ./Core/Src/system_stm32f1xx.o
LOAD ./Core/Startup/startup_stm32f103c6tx.o
LOAD ./Drivers/STM32F1xx_HAL_Driver/Src/stm32f1xx_hal.o
LOAD ./Drivers/STM32F1xx_HAL_Driver/Src/stm32f1xx_hal_cortex.o
LOAD ./Drivers/STM32F1xx_HAL_Driver/Src/stm32f1xx_hal_dma.o
LOAD ./Drivers/STM32F1xx_HAL_Driver/Src/stm32f1xx_hal_exti.o
LOAD ./Drivers/STM32F1xx_HAL_Driver/Src/stm32f1xx_hal_flash.o
LOAD ./Drivers/STM32F1xx_HAL_Driver/Src/stm32f1xx_hal_flash_ex.o
LOAD ./Drivers/STM32F1xx_HAL_Driver/Src/stm32f1xx_hal_gpio.o
LOAD ./Drivers/STM32F1xx_HAL_Driver/Src/stm32f1xx_hal_gpio_ex.o
LOAD ./Drivers/STM32F1xx_HAL_Driver/Src/stm32f1xx_hal_pwr.o
LOAD ./Drivers/STM32F1xx_HAL_Driver/Src/stm32f1xx_hal_rcc.o
LOAD ./Drivers/STM32F1xx_HAL_Driver/Src/stm32f1xx_hal_rcc_ex.o
LOAD ./Drivers/STM32F1xx_HAL_Driver/Src/stm32f1xx_hal_tim.o
LOAD ./Drivers/STM32F1xx_HAL_Driver/Src/stm32f1xx_hal_tim_ex.o
START GROUP
LOAD C:/ST/STM32CubeIDE_1.13.0/STM32CubeIDE/plugins/com.st.stm32cube.ide.mcu.externaltools.gnu-tools-for-stm32.11.3.rel1.win32_1.1.100.202309141235/tools/bin/../lib/gcc/arm-none-eabi/11.3.1/../../../../arm-none-eabi/lib/thumb/v7-m/nofp\libc_nano.a
LOAD C:/ST/STM32CubeIDE_1.13.0/STM32CubeIDE/plugins/com.st.stm32cube.ide.mcu.externaltools.gnu-tools-for-stm32.11.3.rel1.win32_1.1.100.202309141235/tools/bin/../lib/gcc/arm-none-eabi/11.3.1/../../../../arm-none-eabi/lib/thumb/v7-m/nofp\libm.a
END GROUP
START GROUP
LOAD C:/ST/STM32CubeIDE_1.13.0/STM32CubeIDE/plugins/com.st.stm32cube.ide.mcu.externaltools.gnu-tools-for-stm32.11.3.rel1.win32_1.1.100.202309141235/tools/bin/../lib/gcc/arm-none-eabi/11.3.1/thumb/v7-m/nofp\libgcc.a
LOAD C:/ST/STM32CubeIDE_1.13.0/STM32CubeIDE/plugins/com.st.stm32cube.ide.mcu.externaltools.gnu-tools-for-stm32.11.3.rel1.win32_1.1.100.202309141235/tools/bin/../lib/gcc/arm-none-eabi/11.3.1/../../../../arm-none-eabi/lib/thumb/v7-m/nofp\libc_nano.a
END GROUP
START GROUP
LOAD C:/ST/STM32CubeIDE_1.13.0/STM32CubeIDE/plugins/com.st.stm32cube.ide.mcu.externaltools.gnu-tools-for-stm32.11.3.rel1.win32_1.1.100.202309141235/tools/bin/../lib/gcc/arm-none-eabi/11.3.1/thumb/v7-m/nofp\libgcc.a
LOAD C:/ST/STM32CubeIDE_1.13.0/STM32CubeIDE/plugins/com.st.stm32cube.ide.mcu.externaltools.gnu-tools-for-stm32.11.3.rel1.win32_1.1.100.202309141235/tools/bin/../lib/gcc/arm-none-eabi/11.3.1/../../../../arm-none-eabi/lib/thumb/v7-m/nofp\libc_nano.a
LOAD C:/ST/STM32CubeIDE_1.13.0/STM32CubeIDE/plugins/com.st.stm32cube.ide.mcu.externaltools.gnu-tools-for-stm32.11.3.rel1.win32_1.1.100.202309141235/tools/bin/../lib/gcc/arm-none-eabi/11.3.1/../../../../arm-none-eabi/lib/thumb/v7-m/nofp\libnosys.a
END GROUP
START GROUP
LOAD C:/ST/STM32CubeIDE_1.13.0/STM32CubeIDE/plugins/com.st.stm32cube.ide.mcu.externaltools.gnu-tools-for-stm32.11.3.rel1.win32_1.1.100.202309141235/tools/bin/../lib/gcc/arm-none-eabi/11.3.1/thumb/v7-m/nofp\libgcc.a
LOAD C:/ST/STM32CubeIDE_1.13.0/STM32CubeIDE/plugins/com.st.stm32cube.ide.mcu.externaltools.gnu-tools-for-stm32.11.3.rel1.win32_1.1.100.202309141235/tools/bin/../lib/gcc/arm-none-eabi/11.3.1/../../../../arm-none-eabi/lib/thumb/v7-m/nofp\libc_nano.a
LOAD C:/ST/STM32CubeIDE_1.13.0/STM32CubeIDE/plugins/com.st.stm32cube.ide.mcu.externaltools.gnu-tools-for-stm32.11.3.rel1.win32_1.1.100.202309141235/tools/bin/../lib/gcc/arm-none-eabi/11.3.1/../../../../arm-none-eabi/lib/thumb/v7-m/nofp\libnosys.a
END GROUP
LOAD C:/ST/STM32CubeIDE_1.13.0/STM32CubeIDE/plugins/com.st.stm32cube.ide.mcu.externaltools.gnu-tools-for-stm32.11.3.rel1.win32_1.1.100.202309141235/tools/bin/../lib/gcc/arm-none-eabi/11.3.1/thumb/v7-m/nofp/crtend.o
LOAD C:/ST/STM32CubeIDE_1.13.0/STM32CubeIDE/plugins/com.st.stm32cube.ide.mcu.externaltools.gnu-tools-for-stm32.11.3.rel1.win32_1.1.100.202309141235/tools/bin/../lib/gcc/arm-none-eabi/11.3.1/thumb/v7-m/nofp/crtn.o
                0x0000000020002800                _estack = (ORIGIN (RAM) + LENGTH (RAM))
                0x0000000000000200                _Min_Heap_Size = 0x200
                0x0000000000000400                _Min_Stack_Size = 0x400

.isr_vector     0x0000000008000000      0x10c
                0x0000000008000000                . = ALIGN (0x4)
 *(.isr_vector)
 .isr_vector    0x0000000008000000      0x10c ./Core/Startup/startup_stm32f103c6tx.o
                0x0000000008000000                g_pfnVectors
                0x000000000800010c                . = ALIGN (0x4)

.text           0x000000000800010c     0x261c
                0x000000000800010c                . = ALIGN (0x4)
 *(.text)
 .text          0x000000000800010c       0x40 C:/ST/STM32CubeIDE_1.13.0/STM32CubeIDE/plugins/com.st.stm32cube.ide.mcu.externaltools.gnu-tools-for-stm32.11.3.rel1.win32_1.1.100.202309141235/tools/bin/../lib/gcc/arm-none-eabi/11.3.1/thumb/v7-m/nofp/crtbegin.o
 *(.text*)
 .text.display7SEG
                0x000000000800014c       0xe8 ./Core/Src/display7SEG.o
 .text.updateLED7SEGBuffer
                0x0000000008000234       0x78 ./Core/Src/display7SEG.o
                0x0000000008000234                updateLED7SEGBuffer
 .text.updateLed7SEG
                0x00000000080002ac      0x124 ./Core/Src/display7SEG.o
                0x00000000080002ac                updateLed7SEG
 .text.fsm_auto
                0x00000000080003d0      0x1c8 ./Core/Src/fsm_auto.o
                0x00000000080003d0                fsm_auto
 .text.fsm_manual
                0x0000000008000598      0x200 ./Core/Src/fsm_manual.o
                0x0000000008000598                fsm_manual
 .text.clear_led_red_amber_green
                0x0000000008000798       0x18 ./Core/Src/global.o
                0x0000000008000798                clear_led_red_amber_green
 .text.button_init
                0x00000000080007b0       0x7c ./Core/Src/input_reading.o
                0x00000000080007b0                button_init
 .text.isButtonPressed
                0x000000000800082c       0x44 ./Core/Src/input_reading.o
                0x000000000800082c                isButtonPressed
 .text.subKeyProcess
                0x0000000008000870       0x24 ./Core/Src/input_reading.o
                0x0000000008000870                subKeyProcess
 .text.set_button
                0x0000000008000894       0x4c ./Core/Src/input_reading.o
                0x0000000008000894                set_button
 .text.getKeyInput
                0x00000000080008e0      0x15c ./Core/Src/input_reading.o
                0x00000000080008e0                getKeyInput
 .text.led_red_and_green
                0x0000000008000a3c       0x24 ./Core/Src/light_traffic.o
                0x0000000008000a3c                led_red_and_green
 .text.led_red_and_yellow
                0x0000000008000a60       0x24 ./Core/Src/light_traffic.o
                0x0000000008000a60                led_red_and_yellow
 .text.led_yellow_and_red
                0x0000000008000a84       0x24 ./Core/Src/light_traffic.o
                0x0000000008000a84                led_yellow_and_red
 .text.led_green_and_red
                0x0000000008000aa8       0x24 ./Core/Src/light_traffic.o
                0x0000000008000aa8                led_green_and_red
 .text.updateTrafficLight
                0x0000000008000acc      0x194 ./Core/Src/light_traffic.o
                0x0000000008000acc                updateTrafficLight
 .text.HAL_TIM_PeriodElapsedCallback
                0x0000000008000c60       0x18 ./Core/Src/main.o
                0x0000000008000c60                HAL_TIM_PeriodElapsedCallback
 .text.main     0x0000000008000c78       0x70 ./Core/Src/main.o
                0x0000000008000c78                main
 .text.SystemClock_Config
                0x0000000008000ce8       0x76 ./Core/Src/main.o
                0x0000000008000ce8                SystemClock_Config
 *fill*         0x0000000008000d5e        0x2 
 .text.MX_TIM2_Init
                0x0000000008000d60       0x98 ./Core/Src/main.o
 .text.MX_GPIO_Init
                0x0000000008000df8       0xe0 ./Core/Src/main.o
 .text.Error_Handler
                0x0000000008000ed8        0xa ./Core/Src/main.o
                0x0000000008000ed8                Error_Handler
 *fill*         0x0000000008000ee2        0x2 
 .text.setTimer
                0x0000000008000ee4       0x40 ./Core/Src/soft_timer.o
                0x0000000008000ee4                setTimer
 .text.runTimer
                0x0000000008000f24       0x60 ./Core/Src/soft_timer.o
                0x0000000008000f24                runTimer
 .text.getTimerFlag
                0x0000000008000f84       0x20 ./Core/Src/soft_timer.o
                0x0000000008000f84                getTimerFlag
 .text.HAL_MspInit
                0x0000000008000fa4       0x64 ./Core/Src/stm32f1xx_hal_msp.o
                0x0000000008000fa4                HAL_MspInit
 .text.HAL_TIM_Base_MspInit
                0x0000000008001008       0x48 ./Core/Src/stm32f1xx_hal_msp.o
                0x0000000008001008                HAL_TIM_Base_MspInit
 .text.NMI_Handler
                0x0000000008001050        0x6 ./Core/Src/stm32f1xx_it.o
                0x0000000008001050                NMI_Handler
 .text.HardFault_Handler
                0x0000000008001056        0x6 ./Core/Src/stm32f1xx_it.o
                0x0000000008001056                HardFault_Handler
 .text.MemManage_Handler
                0x000000000800105c        0x6 ./Core/Src/stm32f1xx_it.o
                0x000000000800105c                MemManage_Handler
 .text.BusFault_Handler
                0x0000000008001062        0x6 ./Core/Src/stm32f1xx_it.o
                0x0000000008001062                BusFault_Handler
 .text.UsageFault_Handler
                0x0000000008001068        0x6 ./Core/Src/stm32f1xx_it.o
                0x0000000008001068                UsageFault_Handler
 .text.SVC_Handler
                0x000000000800106e        0xc ./Core/Src/stm32f1xx_it.o
                0x000000000800106e                SVC_Handler
 .text.DebugMon_Handler
                0x000000000800107a        0xc ./Core/Src/stm32f1xx_it.o
                0x000000000800107a                DebugMon_Handler
 .text.PendSV_Handler
                0x0000000008001086        0xc ./Core/Src/stm32f1xx_it.o
                0x0000000008001086                PendSV_Handler
 .text.SysTick_Handler
                0x0000000008001092        0xc ./Core/Src/stm32f1xx_it.o
                0x0000000008001092                SysTick_Handler
 *fill*         0x000000000800109e        0x2 
 .text.TIM2_IRQHandler
                0x00000000080010a0       0x14 ./Core/Src/stm32f1xx_it.o
                0x00000000080010a0                TIM2_IRQHandler
 .text.SystemInit
                0x00000000080010b4        0xc ./Core/Src/system_stm32f1xx.o
                0x00000000080010b4                SystemInit
 .text.Reset_Handler
                0x00000000080010c0       0x48 ./Core/Startup/startup_stm32f103c6tx.o
                0x00000000080010c0                Reset_Handler
 .text.Default_Handler
                0x0000000008001108        0x2 ./Core/Startup/startup_stm32f103c6tx.o
                0x0000000008001108                RTC_Alarm_IRQHandler
                0x0000000008001108                EXTI2_IRQHandler
                0x0000000008001108                TIM1_CC_IRQHandler
                0x0000000008001108                PVD_IRQHandler
                0x0000000008001108                EXTI3_IRQHandler
                0x0000000008001108                EXTI0_IRQHandler
                0x0000000008001108                ADC1_2_IRQHandler
                0x0000000008001108                SPI1_IRQHandler
                0x0000000008001108                TAMPER_IRQHandler
                0x0000000008001108                DMA1_Channel4_IRQHandler
                0x0000000008001108                RTC_IRQHandler
                0x0000000008001108                DMA1_Channel7_IRQHandler
                0x0000000008001108                CAN1_RX1_IRQHandler
                0x0000000008001108                I2C1_EV_IRQHandler
                0x0000000008001108                DMA1_Channel6_IRQHandler
                0x0000000008001108                TIM3_IRQHandler
                0x0000000008001108                RCC_IRQHandler
                0x0000000008001108                TIM1_TRG_COM_IRQHandler
                0x0000000008001108                DMA1_Channel1_IRQHandler
                0x0000000008001108                Default_Handler
                0x0000000008001108                EXTI15_10_IRQHandler
                0x0000000008001108                EXTI9_5_IRQHandler
                0x0000000008001108                DMA1_Channel5_IRQHandler
                0x0000000008001108                EXTI4_IRQHandler
                0x0000000008001108                USB_LP_CAN1_RX0_IRQHandler
                0x0000000008001108                USB_HP_CAN1_TX_IRQHandler
                0x0000000008001108                DMA1_Channel3_IRQHandler
                0x0000000008001108                TIM1_UP_IRQHandler
                0x0000000008001108                WWDG_IRQHandler
                0x0000000008001108                TIM1_BRK_IRQHandler
                0x0000000008001108                EXTI1_IRQHandler
                0x0000000008001108                USART2_IRQHandler
                0x0000000008001108                DMA1_Channel2_IRQHandler
                0x0000000008001108                CAN1_SCE_IRQHandler
                0x0000000008001108                FLASH_IRQHandler
                0x0000000008001108                USART1_IRQHandler
                0x0000000008001108                I2C1_ER_IRQHandler
                0x0000000008001108                USBWakeUp_IRQHandler
 *fill*         0x000000000800110a        0x2 
 .text.HAL_Init
                0x000000000800110c       0x2c ./Drivers/STM32F1xx_HAL_Driver/Src/stm32f1xx_hal.o
                0x000000000800110c                HAL_Init
 .text.HAL_InitTick
                0x0000000008001138       0x60 ./Drivers/STM32F1xx_HAL_Driver/Src/stm32f1xx_hal.o
                0x0000000008001138                HAL_InitTick
 .text.HAL_IncTick
                0x0000000008001198       0x24 ./Drivers/STM32F1xx_HAL_Driver/Src/stm32f1xx_hal.o
                0x0000000008001198                HAL_IncTick
 .text.HAL_GetTick
                0x00000000080011bc       0x14 ./Drivers/STM32F1xx_HAL_Driver/Src/stm32f1xx_hal.o
                0x00000000080011bc                HAL_GetTick
 .text.__NVIC_SetPriorityGrouping
                0x00000000080011d0       0x48 ./Drivers/STM32F1xx_HAL_Driver/Src/stm32f1xx_hal_cortex.o
 .text.__NVIC_GetPriorityGrouping
                0x0000000008001218       0x1c ./Drivers/STM32F1xx_HAL_Driver/Src/stm32f1xx_hal_cortex.o
 .text.__NVIC_EnableIRQ
                0x0000000008001234       0x38 ./Drivers/STM32F1xx_HAL_Driver/Src/stm32f1xx_hal_cortex.o
 .text.__NVIC_SetPriority
                0x000000000800126c       0x54 ./Drivers/STM32F1xx_HAL_Driver/Src/stm32f1xx_hal_cortex.o
 .text.NVIC_EncodePriority
                0x00000000080012c0       0x64 ./Drivers/STM32F1xx_HAL_Driver/Src/stm32f1xx_hal_cortex.o
 .text.SysTick_Config
                0x0000000008001324       0x44 ./Drivers/STM32F1xx_HAL_Driver/Src/stm32f1xx_hal_cortex.o
 .text.HAL_NVIC_SetPriorityGrouping
                0x0000000008001368       0x16 ./Drivers/STM32F1xx_HAL_Driver/Src/stm32f1xx_hal_cortex.o
                0x0000000008001368                HAL_NVIC_SetPriorityGrouping
 .text.HAL_NVIC_SetPriority
                0x000000000800137e       0x38 ./Drivers/STM32F1xx_HAL_Driver/Src/stm32f1xx_hal_cortex.o
                0x000000000800137e                HAL_NVIC_SetPriority
 .text.HAL_NVIC_EnableIRQ
                0x00000000080013b6       0x1c ./Drivers/STM32F1xx_HAL_Driver/Src/stm32f1xx_hal_cortex.o
                0x00000000080013b6                HAL_NVIC_EnableIRQ
 .text.HAL_SYSTICK_Config
                0x00000000080013d2       0x18 ./Drivers/STM32F1xx_HAL_Driver/Src/stm32f1xx_hal_cortex.o
                0x00000000080013d2                HAL_SYSTICK_Config
 *fill*         0x00000000080013ea        0x2 
 .text.HAL_GPIO_Init
                0x00000000080013ec      0x2f8 ./Drivers/STM32F1xx_HAL_Driver/Src/stm32f1xx_hal_gpio.o
                0x00000000080013ec                HAL_GPIO_Init
 .text.HAL_GPIO_ReadPin
                0x00000000080016e4       0x2e ./Drivers/STM32F1xx_HAL_Driver/Src/stm32f1xx_hal_gpio.o
                0x00000000080016e4                HAL_GPIO_ReadPin
 .text.HAL_GPIO_WritePin
                0x0000000008001712       0x30 ./Drivers/STM32F1xx_HAL_Driver/Src/stm32f1xx_hal_gpio.o
                0x0000000008001712                HAL_GPIO_WritePin
 *fill*         0x0000000008001742        0x2 
 .text.HAL_RCC_OscConfig
                0x0000000008001744      0x504 ./Drivers/STM32F1xx_HAL_Driver/Src/stm32f1xx_hal_rcc.o
                0x0000000008001744                HAL_RCC_OscConfig
 .text.HAL_RCC_ClockConfig
                0x0000000008001c48      0x1d4 ./Drivers/STM32F1xx_HAL_Driver/Src/stm32f1xx_hal_rcc.o
                0x0000000008001c48                HAL_RCC_ClockConfig
 .text.HAL_RCC_GetSysClockFreq
                0x0000000008001e1c       0xa8 ./Drivers/STM32F1xx_HAL_Driver/Src/stm32f1xx_hal_rcc.o
                0x0000000008001e1c                HAL_RCC_GetSysClockFreq
 .text.RCC_Delay
                0x0000000008001ec4       0x3c ./Drivers/STM32F1xx_HAL_Driver/Src/stm32f1xx_hal_rcc.o
 .text.HAL_TIM_Base_Init
                0x0000000008001f00       0x9e ./Drivers/STM32F1xx_HAL_Driver/Src/stm32f1xx_hal_tim.o
                0x0000000008001f00                HAL_TIM_Base_Init
 *fill*         0x0000000008001f9e        0x2 
 .text.HAL_TIM_Base_Start_IT
                0x0000000008001fa0       0x98 ./Drivers/STM32F1xx_HAL_Driver/Src/stm32f1xx_hal_tim.o
                0x0000000008001fa0                HAL_TIM_Base_Start_IT
 .text.HAL_TIM_IRQHandler
                0x0000000008002038      0x1e0 ./Drivers/STM32F1xx_HAL_Driver/Src/stm32f1xx_hal_tim.o
                0x0000000008002038                HAL_TIM_IRQHandler
 .text.HAL_TIM_ConfigClockSource
                0x0000000008002218      0x18e ./Drivers/STM32F1xx_HAL_Driver/Src/stm32f1xx_hal_tim.o
                0x0000000008002218                HAL_TIM_ConfigClockSource
 .text.HAL_TIM_OC_DelayElapsedCallback
                0x00000000080023a6       0x12 ./Drivers/STM32F1xx_HAL_Driver/Src/stm32f1xx_hal_tim.o
                0x00000000080023a6                HAL_TIM_OC_DelayElapsedCallback
 .text.HAL_TIM_IC_CaptureCallback
                0x00000000080023b8       0x12 ./Drivers/STM32F1xx_HAL_Driver/Src/stm32f1xx_hal_tim.o
                0x00000000080023b8                HAL_TIM_IC_CaptureCallback
 .text.HAL_TIM_PWM_PulseFinishedCallback
                0x00000000080023ca       0x12 ./Drivers/STM32F1xx_HAL_Driver/Src/stm32f1xx_hal_tim.o
                0x00000000080023ca                HAL_TIM_PWM_PulseFinishedCallback
 .text.HAL_TIM_TriggerCallback
                0x00000000080023dc       0x12 ./Drivers/STM32F1xx_HAL_Driver/Src/stm32f1xx_hal_tim.o
                0x00000000080023dc                HAL_TIM_TriggerCallback
 *fill*         0x00000000080023ee        0x2 
 .text.TIM_Base_SetConfig
                0x00000000080023f0       0xc8 ./Drivers/STM32F1xx_HAL_Driver/Src/stm32f1xx_hal_tim.o
                0x00000000080023f0                TIM_Base_SetConfig
 .text.TIM_TI1_ConfigInputStage
                0x00000000080024b8       0x5c ./Drivers/STM32F1xx_HAL_Driver/Src/stm32f1xx_hal_tim.o
 .text.TIM_TI2_ConfigInputStage
                0x0000000008002514       0x5e ./Drivers/STM32F1xx_HAL_Driver/Src/stm32f1xx_hal_tim.o
 .text.TIM_ITRx_SetConfig
                0x0000000008002572       0x34 ./Drivers/STM32F1xx_HAL_Driver/Src/stm32f1xx_hal_tim.o
 .text.TIM_ETR_SetConfig
                0x00000000080025a6       0x3e ./Drivers/STM32F1xx_HAL_Driver/Src/stm32f1xx_hal_tim.o
                0x00000000080025a6                TIM_ETR_SetConfig
 .text.HAL_TIMEx_MasterConfigSynchronization
                0x00000000080025e4       0xb0 ./Drivers/STM32F1xx_HAL_Driver/Src/stm32f1xx_hal_tim_ex.o
                0x00000000080025e4                HAL_TIMEx_MasterConfigSynchronization
 .text.HAL_TIMEx_CommutCallback
                0x0000000008002694       0x12 ./Drivers/STM32F1xx_HAL_Driver/Src/stm32f1xx_hal_tim_ex.o
                0x0000000008002694                HAL_TIMEx_CommutCallback
 .text.HAL_TIMEx_BreakCallback
                0x00000000080026a6       0x12 ./Drivers/STM32F1xx_HAL_Driver/Src/stm32f1xx_hal_tim_ex.o
                0x00000000080026a6                HAL_TIMEx_BreakCallback
 .text.memset   0x00000000080026b8       0x10 C:/ST/STM32CubeIDE_1.13.0/STM32CubeIDE/plugins/com.st.stm32cube.ide.mcu.externaltools.gnu-tools-for-stm32.11.3.rel1.win32_1.1.100.202309141235/tools/bin/../lib/gcc/arm-none-eabi/11.3.1/../../../../arm-none-eabi/lib/thumb/v7-m/nofp\libc_nano.a(libc_a-memset.o)
                0x00000000080026b8                memset
 .text.__libc_init_array
                0x00000000080026c8       0x48 C:/ST/STM32CubeIDE_1.13.0/STM32CubeIDE/plugins/com.st.stm32cube.ide.mcu.externaltools.gnu-tools-for-stm32.11.3.rel1.win32_1.1.100.202309141235/tools/bin/../lib/gcc/arm-none-eabi/11.3.1/../../../../arm-none-eabi/lib/thumb/v7-m/nofp\libc_nano.a(libc_a-init.o)
                0x00000000080026c8                __libc_init_array
 *(.glue_7)
 .glue_7        0x0000000008002710        0x0 linker stubs
 *(.glue_7t)
 .glue_7t       0x0000000008002710        0x0 linker stubs
 *(.eh_frame)
 .eh_frame      0x0000000008002710        0x0 C:/ST/STM32CubeIDE_1.13.0/STM32CubeIDE/plugins/com.st.stm32cube.ide.mcu.externaltools.gnu-tools-for-stm32.11.3.rel1.win32_1.1.100.202309141235/tools/bin/../lib/gcc/arm-none-eabi/11.3.1/thumb/v7-m/nofp/crtbegin.o
 *(.init)
 .init          0x0000000008002710        0x4 C:/ST/STM32CubeIDE_1.13.0/STM32CubeIDE/plugins/com.st.stm32cube.ide.mcu.externaltools.gnu-tools-for-stm32.11.3.rel1.win32_1.1.100.202309141235/tools/bin/../lib/gcc/arm-none-eabi/11.3.1/thumb/v7-m/nofp/crti.o
                0x0000000008002710                _init
 .init          0x0000000008002714        0x8 C:/ST/STM32CubeIDE_1.13.0/STM32CubeIDE/plugins/com.st.stm32cube.ide.mcu.externaltools.gnu-tools-for-stm32.11.3.rel1.win32_1.1.100.202309141235/tools/bin/../lib/gcc/arm-none-eabi/11.3.1/thumb/v7-m/nofp/crtn.o
 *(.fini)
 .fini          0x000000000800271c        0x4 C:/ST/STM32CubeIDE_1.13.0/STM32CubeIDE/plugins/com.st.stm32cube.ide.mcu.externaltools.gnu-tools-for-stm32.11.3.rel1.win32_1.1.100.202309141235/tools/bin/../lib/gcc/arm-none-eabi/11.3.1/thumb/v7-m/nofp/crti.o
                0x000000000800271c                _fini
 .fini          0x0000000008002720        0x8 C:/ST/STM32CubeIDE_1.13.0/STM32CubeIDE/plugins/com.st.stm32cube.ide.mcu.externaltools.gnu-tools-for-stm32.11.3.rel1.win32_1.1.100.202309141235/tools/bin/../lib/gcc/arm-none-eabi/11.3.1/thumb/v7-m/nofp/crtn.o
                0x0000000008002728                . = ALIGN (0x4)
                0x0000000008002728                _etext = .

.vfp11_veneer   0x0000000008002728        0x0
 .vfp11_veneer  0x0000000008002728        0x0 linker stubs

.v4_bx          0x0000000008002728        0x0
 .v4_bx         0x0000000008002728        0x0 linker stubs

.iplt           0x0000000008002728        0x0
 .iplt          0x0000000008002728        0x0 C:/ST/STM32CubeIDE_1.13.0/STM32CubeIDE/plugins/com.st.stm32cube.ide.mcu.externaltools.gnu-tools-for-stm32.11.3.rel1.win32_1.1.100.202309141235/tools/bin/../lib/gcc/arm-none-eabi/11.3.1/thumb/v7-m/nofp/crtbegin.o

.rodata         0x0000000008002728       0x24
                0x0000000008002728                . = ALIGN (0x4)
 *(.rodata)
 *(.rodata*)
 .rodata.AHBPrescTable
                0x0000000008002728       0x10 ./Core/Src/system_stm32f1xx.o
                0x0000000008002728                AHBPrescTable
 .rodata.aPLLMULFactorTable.1
                0x0000000008002738       0x10 ./Drivers/STM32F1xx_HAL_Driver/Src/stm32f1xx_hal_rcc.o
 .rodata.aPredivFactorTable.0
                0x0000000008002748        0x2 ./Drivers/STM32F1xx_HAL_Driver/Src/stm32f1xx_hal_rcc.o
                0x000000000800274c                . = ALIGN (0x4)
 *fill*         0x000000000800274a        0x2 

.rel.dyn        0x000000000800274c        0x0
 .rel.iplt      0x000000000800274c        0x0 C:/ST/STM32CubeIDE_1.13.0/STM32CubeIDE/plugins/com.st.stm32cube.ide.mcu.externaltools.gnu-tools-for-stm32.11.3.rel1.win32_1.1.100.202309141235/tools/bin/../lib/gcc/arm-none-eabi/11.3.1/thumb/v7-m/nofp/crtbegin.o

.ARM.extab      0x000000000800274c        0x0
                0x000000000800274c                . = ALIGN (0x4)
 *(.ARM.extab* .gnu.linkonce.armextab.*)
                0x000000000800274c                . = ALIGN (0x4)

.ARM            0x000000000800274c        0x0
                0x000000000800274c                . = ALIGN (0x4)
                0x000000000800274c                __exidx_start = .
 *(.ARM.exidx*)
                0x000000000800274c                __exidx_end = .
                0x000000000800274c                . = ALIGN (0x4)

.preinit_array  0x000000000800274c        0x0
                0x000000000800274c                . = ALIGN (0x4)
                0x000000000800274c                PROVIDE (__preinit_array_start = .)
 *(.preinit_array*)
                0x000000000800274c                PROVIDE (__preinit_array_end = .)
                0x000000000800274c                . = ALIGN (0x4)

.init_array     0x000000000800274c        0x4
                0x000000000800274c                . = ALIGN (0x4)
                0x000000000800274c                PROVIDE (__init_array_start = .)
 *(SORT_BY_NAME(.init_array.*))
 *(.init_array*)
 .init_array    0x000000000800274c        0x4 C:/ST/STM32CubeIDE_1.13.0/STM32CubeIDE/plugins/com.st.stm32cube.ide.mcu.externaltools.gnu-tools-for-stm32.11.3.rel1.win32_1.1.100.202309141235/tools/bin/../lib/gcc/arm-none-eabi/11.3.1/thumb/v7-m/nofp/crtbegin.o
                0x0000000008002750                PROVIDE (__init_array_end = .)
                0x0000000008002750                . = ALIGN (0x4)

.fini_array     0x0000000008002750        0x4
                0x0000000008002750                . = ALIGN (0x4)
                [!provide]                        PROVIDE (__fini_array_start = .)
 *(SORT_BY_NAME(.fini_array.*))
 *(.fini_array*)
 .fini_array    0x0000000008002750        0x4 C:/ST/STM32CubeIDE_1.13.0/STM32CubeIDE/plugins/com.st.stm32cube.ide.mcu.externaltools.gnu-tools-for-stm32.11.3.rel1.win32_1.1.100.202309141235/tools/bin/../lib/gcc/arm-none-eabi/11.3.1/thumb/v7-m/nofp/crtbegin.o
                [!provide]                        PROVIDE (__fini_array_end = .)
                0x0000000008002754                . = ALIGN (0x4)
                0x0000000008002754                _sidata = LOADADDR (.data)

.data           0x0000000020000000      0x148 load address 0x0000000008002754
                0x0000000020000000                . = ALIGN (0x4)
                0x0000000020000000                _sdata = .
 *(.data)
 *(.data*)
 .data.NUM      0x0000000020000000      0x118 ./Core/Src/display7SEG.o
                0x0000000020000000                NUM
 .data.index_led
                0x0000000020000118        0x4 ./Core/Src/display7SEG.o
                0x0000000020000118                index_led
 .data.state    0x000000002000011c        0x4 ./Core/Src/global.o
                0x000000002000011c                state
 .data.mode     0x0000000020000120        0x4 ./Core/Src/global.o
                0x0000000020000120                mode
 .data.time_red
                0x0000000020000124        0x4 ./Core/Src/global.o
                0x0000000020000124                time_red
 .data.time_amber
                0x0000000020000128        0x4 ./Core/Src/global.o
                0x0000000020000128                time_amber
 .data.time_green
                0x000000002000012c        0x4 ./Core/Src/global.o
                0x000000002000012c                time_green
 .data.counter_red
                0x0000000020000130        0x4 ./Core/Src/global.o
                0x0000000020000130                counter_red
 .data.counter_amber
                0x0000000020000134        0x4 ./Core/Src/global.o
                0x0000000020000134                counter_amber
 .data.counter_green
                0x0000000020000138        0x4 ./Core/Src/global.o
                0x0000000020000138                counter_green
 .data.SystemCoreClock
                0x000000002000013c        0x4 ./Core/Src/system_stm32f1xx.o
                0x000000002000013c                SystemCoreClock
 .data.uwTickPrio
                0x0000000020000140        0x4 ./Drivers/STM32F1xx_HAL_Driver/Src/stm32f1xx_hal.o
                0x0000000020000140                uwTickPrio
 .data.uwTickFreq
                0x0000000020000144        0x1 ./Drivers/STM32F1xx_HAL_Driver/Src/stm32f1xx_hal.o
                0x0000000020000144                uwTickFreq
 *(.RamFunc)
 *(.RamFunc*)
                0x0000000020000148                . = ALIGN (0x4)
 *fill*         0x0000000020000145        0x3 
                0x0000000020000148                _edata = .

.igot.plt       0x0000000020000148        0x0 load address 0x000000000800289c
 .igot.plt      0x0000000020000148        0x0 C:/ST/STM32CubeIDE_1.13.0/STM32CubeIDE/plugins/com.st.stm32cube.ide.mcu.externaltools.gnu-tools-for-stm32.11.3.rel1.win32_1.1.100.202309141235/tools/bin/../lib/gcc/arm-none-eabi/11.3.1/thumb/v7-m/nofp/crtbegin.o
                0x0000000020000148                . = ALIGN (0x4)

.bss            0x0000000020000148      0x214 load address 0x000000000800289c
                0x0000000020000148                _sbss = .
                0x0000000020000148                __bss_start__ = _sbss
 *(.bss)
 .bss           0x0000000020000148       0x1c C:/ST/STM32CubeIDE_1.13.0/STM32CubeIDE/plugins/com.st.stm32cube.ide.mcu.externaltools.gnu-tools-for-stm32.11.3.rel1.win32_1.1.100.202309141235/tools/bin/../lib/gcc/arm-none-eabi/11.3.1/thumb/v7-m/nofp/crtbegin.o
 *(.bss*)
 .bss.led7SEGBuffer
                0x0000000020000164       0x10 ./Core/Src/display7SEG.o
                0x0000000020000164                led7SEGBuffer
 .bss.set_led_status
                0x0000000020000174        0x4 ./Core/Src/fsm_auto.o
 .bss.current_state
                0x0000000020000178        0x4 ./Core/Src/global.o
                0x0000000020000178                current_state
 .bss.value     0x000000002000017c        0x4 ./Core/Src/global.o
                0x000000002000017c                value
 .bss.button    0x0000000020000180      0x140 ./Core/Src/input_reading.o
                0x0000000020000180                button
 .bss.htim2     0x00000000200002c0       0x48 ./Core/Src/main.o
                0x00000000200002c0                htim2
 .bss.timer_counter
                0x0000000020000308       0x28 ./Core/Src/soft_timer.o
                0x0000000020000308                timer_counter
 .bss.timer_flag
                0x0000000020000330       0x28 ./Core/Src/soft_timer.o
                0x0000000020000330                timer_flag
 .bss.uwTick    0x0000000020000358        0x4 ./Drivers/STM32F1xx_HAL_Driver/Src/stm32f1xx_hal.o
                0x0000000020000358                uwTick
 *(COMMON)
                0x000000002000035c                . = ALIGN (0x4)
                0x000000002000035c                _ebss = .
                0x000000002000035c                __bss_end__ = _ebss

._user_heap_stack
                0x000000002000035c      0x604 load address 0x000000000800289c
                0x0000000020000360                . = ALIGN (0x8)
 *fill*         0x000000002000035c        0x4 
                [!provide]                        PROVIDE (end = .)
                0x0000000020000360                PROVIDE (_end = .)
                0x0000000020000560                . = (. + _Min_Heap_Size)
 *fill*         0x0000000020000360      0x200 
                0x0000000020000960                . = (. + _Min_Stack_Size)
 *fill*         0x0000000020000560      0x400 
                0x0000000020000960                . = ALIGN (0x8)

/DISCARD/
 libc.a(*)
 libm.a(*)
 libgcc.a(*)

.ARM.attributes
                0x0000000000000000       0x29
 *(.ARM.attributes)
 .ARM.attributes
                0x0000000000000000       0x1d C:/ST/STM32CubeIDE_1.13.0/STM32CubeIDE/plugins/com.st.stm32cube.ide.mcu.externaltools.gnu-tools-for-stm32.11.3.rel1.win32_1.1.100.202309141235/tools/bin/../lib/gcc/arm-none-eabi/11.3.1/thumb/v7-m/nofp/crti.o
 .ARM.attributes
                0x000000000000001d       0x2d C:/ST/STM32CubeIDE_1.13.0/STM32CubeIDE/plugins/com.st.stm32cube.ide.mcu.externaltools.gnu-tools-for-stm32.11.3.rel1.win32_1.1.100.202309141235/tools/bin/../lib/gcc/arm-none-eabi/11.3.1/thumb/v7-m/nofp/crtbegin.o
 .ARM.attributes
                0x000000000000004a       0x2d ./Core/Src/display7SEG.o
 .ARM.attributes
                0x0000000000000077       0x2d ./Core/Src/fsm_auto.o
 .ARM.attributes
                0x00000000000000a4       0x2d ./Core/Src/fsm_manual.o
 .ARM.attributes
                0x00000000000000d1       0x2d ./Core/Src/global.o
 .ARM.attributes
                0x00000000000000fe       0x2d ./Core/Src/input_reading.o
 .ARM.attributes
                0x000000000000012b       0x2d ./Core/Src/light_traffic.o
 .ARM.attributes
                0x0000000000000158       0x2d ./Core/Src/main.o
 .ARM.attributes
                0x0000000000000185       0x2d ./Core/Src/soft_timer.o
 .ARM.attributes
                0x00000000000001b2       0x2d ./Core/Src/stm32f1xx_hal_msp.o
 .ARM.attributes
                0x00000000000001df       0x2d ./Core/Src/stm32f1xx_it.o
 .ARM.attributes
                0x000000000000020c       0x2d ./Core/Src/system_stm32f1xx.o
 .ARM.attributes
                0x0000000000000239       0x21 ./Core/Startup/startup_stm32f103c6tx.o
 .ARM.attributes
                0x000000000000025a       0x2d ./Drivers/STM32F1xx_HAL_Driver/Src/stm32f1xx_hal.o
 .ARM.attributes
                0x0000000000000287       0x2d ./Drivers/STM32F1xx_HAL_Driver/Src/stm32f1xx_hal_cortex.o
 .ARM.attributes
                0x00000000000002b4       0x2d ./Drivers/STM32F1xx_HAL_Driver/Src/stm32f1xx_hal_gpio.o
 .ARM.attributes
                0x00000000000002e1       0x2d ./Drivers/STM32F1xx_HAL_Driver/Src/stm32f1xx_hal_rcc.o
 .ARM.attributes
                0x000000000000030e       0x2d ./Drivers/STM32F1xx_HAL_Driver/Src/stm32f1xx_hal_tim.o
 .ARM.attributes
                0x000000000000033b       0x2d ./Drivers/STM32F1xx_HAL_Driver/Src/stm32f1xx_hal_tim_ex.o
 .ARM.attributes
                0x0000000000000368       0x2d C:/ST/STM32CubeIDE_1.13.0/STM32CubeIDE/plugins/com.st.stm32cube.ide.mcu.externaltools.gnu-tools-for-stm32.11.3.rel1.win32_1.1.100.202309141235/tools/bin/../lib/gcc/arm-none-eabi/11.3.1/../../../../arm-none-eabi/lib/thumb/v7-m/nofp\libc_nano.a(libc_a-memset.o)
 .ARM.attributes
                0x0000000000000395       0x2d C:/ST/STM32CubeIDE_1.13.0/STM32CubeIDE/plugins/com.st.stm32cube.ide.mcu.externaltools.gnu-tools-for-stm32.11.3.rel1.win32_1.1.100.202309141235/tools/bin/../lib/gcc/arm-none-eabi/11.3.1/../../../../arm-none-eabi/lib/thumb/v7-m/nofp\libc_nano.a(libc_a-init.o)
 .ARM.attributes
                0x00000000000003c2       0x1d C:/ST/STM32CubeIDE_1.13.0/STM32CubeIDE/plugins/com.st.stm32cube.ide.mcu.externaltools.gnu-tools-for-stm32.11.3.rel1.win32_1.1.100.202309141235/tools/bin/../lib/gcc/arm-none-eabi/11.3.1/thumb/v7-m/nofp/crtn.o
OUTPUT(LAB3.elf elf32-littlearm)
LOAD linker stubs
LOAD C:/ST/STM32CubeIDE_1.13.0/STM32CubeIDE/plugins/com.st.stm32cube.ide.mcu.externaltools.gnu-tools-for-stm32.11.3.rel1.win32_1.1.100.202309141235/tools/bin/../lib/gcc/arm-none-eabi/11.3.1/../../../../arm-none-eabi/lib/thumb/v7-m/nofp\libc.a
LOAD C:/ST/STM32CubeIDE_1.13.0/STM32CubeIDE/plugins/com.st.stm32cube.ide.mcu.externaltools.gnu-tools-for-stm32.11.3.rel1.win32_1.1.100.202309141235/tools/bin/../lib/gcc/arm-none-eabi/11.3.1/../../../../arm-none-eabi/lib/thumb/v7-m/nofp\libm.a
LOAD C:/ST/STM32CubeIDE_1.13.0/STM32CubeIDE/plugins/com.st.stm32cube.ide.mcu.externaltools.gnu-tools-for-stm32.11.3.rel1.win32_1.1.100.202309141235/tools/bin/../lib/gcc/arm-none-eabi/11.3.1/thumb/v7-m/nofp\libgcc.a

.comment        0x0000000000000000       0x43
 .comment       0x0000000000000000       0x43 C:/ST/STM32CubeIDE_1.13.0/STM32CubeIDE/plugins/com.st.stm32cube.ide.mcu.externaltools.gnu-tools-for-stm32.11.3.rel1.win32_1.1.100.202309141235/tools/bin/../lib/gcc/arm-none-eabi/11.3.1/thumb/v7-m/nofp/crtbegin.o
                                         0x44 (size before relaxing)
 .comment       0x0000000000000043       0x44 ./Core/Src/display7SEG.o
 .comment       0x0000000000000043       0x44 ./Core/Src/fsm_auto.o
 .comment       0x0000000000000043       0x44 ./Core/Src/fsm_manual.o
 .comment       0x0000000000000043       0x44 ./Core/Src/global.o
 .comment       0x0000000000000043       0x44 ./Core/Src/input_reading.o
 .comment       0x0000000000000043       0x44 ./Core/Src/light_traffic.o
 .comment       0x0000000000000043       0x44 ./Core/Src/main.o
 .comment       0x0000000000000043       0x44 ./Core/Src/soft_timer.o
 .comment       0x0000000000000043       0x44 ./Core/Src/stm32f1xx_hal_msp.o
 .comment       0x0000000000000043       0x44 ./Core/Src/stm32f1xx_it.o
 .comment       0x0000000000000043       0x44 ./Core/Src/system_stm32f1xx.o
 .comment       0x0000000000000043       0x44 ./Drivers/STM32F1xx_HAL_Driver/Src/stm32f1xx_hal.o
 .comment       0x0000000000000043       0x44 ./Drivers/STM32F1xx_HAL_Driver/Src/stm32f1xx_hal_cortex.o
 .comment       0x0000000000000043       0x44 ./Drivers/STM32F1xx_HAL_Driver/Src/stm32f1xx_hal_gpio.o
 .comment       0x0000000000000043       0x44 ./Drivers/STM32F1xx_HAL_Driver/Src/stm32f1xx_hal_rcc.o
 .comment       0x0000000000000043       0x44 ./Drivers/STM32F1xx_HAL_Driver/Src/stm32f1xx_hal_tim.o
 .comment       0x0000000000000043       0x44 ./Drivers/STM32F1xx_HAL_Driver/Src/stm32f1xx_hal_tim_ex.o

.debug_info     0x0000000000000000     0x895c
 .debug_info    0x0000000000000000      0x25b ./Core/Src/display7SEG.o
 .debug_info    0x000000000000025b      0x21e ./Core/Src/fsm_auto.o
 .debug_info    0x0000000000000479      0x133 ./Core/Src/fsm_manual.o
 .debug_info    0x00000000000005ac      0x280 ./Core/Src/global.o
 .debug_info    0x000000000000082c      0x31c ./Core/Src/input_reading.o
 .debug_info    0x0000000000000b48      0x234 ./Core/Src/light_traffic.o
 .debug_info    0x0000000000000d7c      0xbe7 ./Core/Src/main.o
 .debug_info    0x0000000000001963      0x136 ./Core/Src/soft_timer.o
 .debug_info    0x0000000000001a99      0x91a ./Core/Src/stm32f1xx_hal_msp.o
 .debug_info    0x00000000000023b3      0x6a1 ./Core/Src/stm32f1xx_it.o
 .debug_info    0x0000000000002a54      0x222 ./Core/Src/system_stm32f1xx.o
 .debug_info    0x0000000000002c76       0x23 ./Core/Startup/startup_stm32f103c6tx.o
 .debug_info    0x0000000000002c99      0x6e6 ./Drivers/STM32F1xx_HAL_Driver/Src/stm32f1xx_hal.o
 .debug_info    0x000000000000337f      0xa69 ./Drivers/STM32F1xx_HAL_Driver/Src/stm32f1xx_hal_cortex.o
 .debug_info    0x0000000000003de8      0x5ab ./Drivers/STM32F1xx_HAL_Driver/Src/stm32f1xx_hal_gpio.o
 .debug_info    0x0000000000004393      0x7d5 ./Drivers/STM32F1xx_HAL_Driver/Src/stm32f1xx_hal_rcc.o
 .debug_info    0x0000000000004b68     0x2959 ./Drivers/STM32F1xx_HAL_Driver/Src/stm32f1xx_hal_tim.o
 .debug_info    0x00000000000074c1     0x149b ./Drivers/STM32F1xx_HAL_Driver/Src/stm32f1xx_hal_tim_ex.o

.debug_abbrev   0x0000000000000000     0x1dc1
 .debug_abbrev  0x0000000000000000      0x192 ./Core/Src/display7SEG.o
 .debug_abbrev  0x0000000000000192      0x130 ./Core/Src/fsm_auto.o
 .debug_abbrev  0x00000000000002c2       0xb6 ./Core/Src/fsm_manual.o
 .debug_abbrev  0x0000000000000378      0x10e ./Core/Src/global.o
 .debug_abbrev  0x0000000000000486      0x1b5 ./Core/Src/input_reading.o
 .debug_abbrev  0x000000000000063b      0x10f ./Core/Src/light_traffic.o
 .debug_abbrev  0x000000000000074a      0x298 ./Core/Src/main.o
 .debug_abbrev  0x00000000000009e2       0xe1 ./Core/Src/soft_timer.o
 .debug_abbrev  0x0000000000000ac3      0x1ad ./Core/Src/stm32f1xx_hal_msp.o
 .debug_abbrev  0x0000000000000c70      0x191 ./Core/Src/stm32f1xx_it.o
 .debug_abbrev  0x0000000000000e01      0x13f ./Core/Src/system_stm32f1xx.o
 .debug_abbrev  0x0000000000000f40       0x12 ./Core/Startup/startup_stm32f103c6tx.o
 .debug_abbrev  0x0000000000000f52      0x201 ./Drivers/STM32F1xx_HAL_Driver/Src/stm32f1xx_hal.o
 .debug_abbrev  0x0000000000001153      0x2f8 ./Drivers/STM32F1xx_HAL_Driver/Src/stm32f1xx_hal_cortex.o
 .debug_abbrev  0x000000000000144b      0x1ca ./Drivers/STM32F1xx_HAL_Driver/Src/stm32f1xx_hal_gpio.o
 .debug_abbrev  0x0000000000001615      0x2b3 ./Drivers/STM32F1xx_HAL_Driver/Src/stm32f1xx_hal_rcc.o
 .debug_abbrev  0x00000000000018c8      0x277 ./Drivers/STM32F1xx_HAL_Driver/Src/stm32f1xx_hal_tim.o
 .debug_abbrev  0x0000000000001b3f      0x282 ./Drivers/STM32F1xx_HAL_Driver/Src/stm32f1xx_hal_tim_ex.o

.debug_aranges  0x0000000000000000      0xa78
 .debug_aranges
                0x0000000000000000       0x38 ./Core/Src/display7SEG.o
 .debug_aranges
                0x0000000000000038       0x20 ./Core/Src/fsm_auto.o
 .debug_aranges
                0x0000000000000058       0x20 ./Core/Src/fsm_manual.o
 .debug_aranges
                0x0000000000000078       0x20 ./Core/Src/global.o
 .debug_aranges
                0x0000000000000098       0x40 ./Core/Src/input_reading.o
 .debug_aranges
                0x00000000000000d8       0x40 ./Core/Src/light_traffic.o
 .debug_aranges
                0x0000000000000118       0x48 ./Core/Src/main.o
 .debug_aranges
                0x0000000000000160       0x30 ./Core/Src/soft_timer.o
 .debug_aranges
                0x0000000000000190       0x30 ./Core/Src/stm32f1xx_hal_msp.o
 .debug_aranges
                0x00000000000001c0       0x68 ./Core/Src/stm32f1xx_it.o
 .debug_aranges
                0x0000000000000228       0x28 ./Core/Src/system_stm32f1xx.o
 .debug_aranges
                0x0000000000000250       0x28 ./Core/Startup/startup_stm32f103c6tx.o
 .debug_aranges
                0x0000000000000278       0xe0 ./Drivers/STM32F1xx_HAL_Driver/Src/stm32f1xx_hal.o
 .debug_aranges
                0x0000000000000358      0x100 ./Drivers/STM32F1xx_HAL_Driver/Src/stm32f1xx_hal_cortex.o
 .debug_aranges
                0x0000000000000458       0x58 ./Drivers/STM32F1xx_HAL_Driver/Src/stm32f1xx_hal_gpio.o
 .debug_aranges
                0x00000000000004b0       0x90 ./Drivers/STM32F1xx_HAL_Driver/Src/stm32f1xx_hal_rcc.o
 .debug_aranges
                0x0000000000000540      0x3d0 ./Drivers/STM32F1xx_HAL_Driver/Src/stm32f1xx_hal_tim.o
 .debug_aranges
                0x0000000000000910      0x168 ./Drivers/STM32F1xx_HAL_Driver/Src/stm32f1xx_hal_tim_ex.o

.debug_rnglists
                0x0000000000000000      0x7ef
 .debug_rnglists
                0x0000000000000000       0x27 ./Core/Src/display7SEG.o
 .debug_rnglists
                0x0000000000000027       0x14 ./Core/Src/fsm_auto.o
 .debug_rnglists
                0x000000000000003b       0x14 ./Core/Src/fsm_manual.o
 .debug_rnglists
                0x000000000000004f       0x13 ./Core/Src/global.o
 .debug_rnglists
                0x0000000000000062       0x2c ./Core/Src/input_reading.o
 .debug_rnglists
                0x000000000000008e       0x2c ./Core/Src/light_traffic.o
 .debug_rnglists
                0x00000000000000ba       0x33 ./Core/Src/main.o
 .debug_rnglists
                0x00000000000000ed       0x1f ./Core/Src/soft_timer.o
 .debug_rnglists
                0x000000000000010c       0x1f ./Core/Src/stm32f1xx_hal_msp.o
 .debug_rnglists
                0x000000000000012b       0x49 ./Core/Src/stm32f1xx_it.o
 .debug_rnglists
                0x0000000000000174       0x1a ./Core/Src/system_stm32f1xx.o
 .debug_rnglists
                0x000000000000018e       0x19 ./Core/Startup/startup_stm32f103c6tx.o
 .debug_rnglists
                0x00000000000001a7       0xa3 ./Drivers/STM32F1xx_HAL_Driver/Src/stm32f1xx_hal.o
 .debug_rnglists
                0x000000000000024a       0xbb ./Drivers/STM32F1xx_HAL_Driver/Src/stm32f1xx_hal_cortex.o
 .debug_rnglists
                0x0000000000000305       0x3f ./Drivers/STM32F1xx_HAL_Driver/Src/stm32f1xx_hal_gpio.o
 .debug_rnglists
                0x0000000000000344       0x6c ./Drivers/STM32F1xx_HAL_Driver/Src/stm32f1xx_hal_rcc.o
 .debug_rnglists
                0x00000000000003b0      0x31a ./Drivers/STM32F1xx_HAL_Driver/Src/stm32f1xx_hal_tim.o
 .debug_rnglists
                0x00000000000006ca      0x125 ./Drivers/STM32F1xx_HAL_Driver/Src/stm32f1xx_hal_tim_ex.o

.debug_macro    0x0000000000000000    0x1834d
 .debug_macro   0x0000000000000000      0x1b0 ./Core/Src/display7SEG.o
 .debug_macro   0x00000000000001b0      0xa9c ./Core/Src/display7SEG.o
 .debug_macro   0x0000000000000c4c      0x215 ./Core/Src/display7SEG.o
 .debug_macro   0x0000000000000e61       0x2e ./Core/Src/display7SEG.o
 .debug_macro   0x0000000000000e8f       0x22 ./Core/Src/display7SEG.o
 .debug_macro   0x0000000000000eb1       0x22 ./Core/Src/display7SEG.o
 .debug_macro   0x0000000000000ed3       0x8e ./Core/Src/display7SEG.o
 .debug_macro   0x0000000000000f61       0x51 ./Core/Src/display7SEG.o
 .debug_macro   0x0000000000000fb2      0x103 ./Core/Src/display7SEG.o
 .debug_macro   0x00000000000010b5       0x6a ./Core/Src/display7SEG.o
 .debug_macro   0x000000000000111f      0x1df ./Core/Src/display7SEG.o
 .debug_macro   0x00000000000012fe       0x1c ./Core/Src/display7SEG.o
 .debug_macro   0x000000000000131a       0x22 ./Core/Src/display7SEG.o
 .debug_macro   0x000000000000133c       0xbd ./Core/Src/display7SEG.o
 .debug_macro   0x00000000000013f9      0xd23 ./Core/Src/display7SEG.o
 .debug_macro   0x000000000000211c     0xde75 ./Core/Src/display7SEG.o
 .debug_macro   0x000000000000ff91       0x6d ./Core/Src/display7SEG.o
 .debug_macro   0x000000000000fffe     0x34a2 ./Core/Src/display7SEG.o
 .debug_macro   0x00000000000134a0      0x174 ./Core/Src/display7SEG.o
 .debug_macro   0x0000000000013614       0x5c ./Core/Src/display7SEG.o
 .debug_macro   0x0000000000013670      0x5bc ./Core/Src/display7SEG.o
 .debug_macro   0x0000000000013c2c      0x1b7 ./Core/Src/display7SEG.o
 .debug_macro   0x0000000000013de3      0x1cb ./Core/Src/display7SEG.o
 .debug_macro   0x0000000000013fae      0x114 ./Core/Src/display7SEG.o
 .debug_macro   0x00000000000140c2      0x1b2 ./Core/Src/display7SEG.o
 .debug_macro   0x0000000000014274       0x27 ./Core/Src/display7SEG.o
 .debug_macro   0x000000000001429b      0x12f ./Core/Src/display7SEG.o
 .debug_macro   0x00000000000143ca      0x1bc ./Core/Src/display7SEG.o
 .debug_macro   0x0000000000014586       0x34 ./Core/Src/display7SEG.o
 .debug_macro   0x00000000000145ba       0x3c ./Core/Src/display7SEG.o
 .debug_macro   0x00000000000145f6       0x57 ./Core/Src/display7SEG.o
 .debug_macro   0x000000000001464d       0x87 ./Core/Src/display7SEG.o
 .debug_macro   0x00000000000146d4      0x183 ./Core/Src/display7SEG.o
 .debug_macro   0x0000000000014857      0x140 ./Core/Src/display7SEG.o
 .debug_macro   0x0000000000014997      0x8ed ./Core/Src/display7SEG.o
 .debug_macro   0x0000000000015284       0x69 ./Core/Src/display7SEG.o
 .debug_macro   0x00000000000152ed       0xf4 ./Core/Src/display7SEG.o
 .debug_macro   0x00000000000153e1      0x2fe ./Core/Src/fsm_auto.o
 .debug_macro   0x00000000000156df       0x5b ./Core/Src/fsm_auto.o
 .debug_macro   0x000000000001573a       0x24 ./Core/Src/fsm_auto.o
 .debug_macro   0x000000000001575e       0x94 ./Core/Src/fsm_auto.o
 .debug_macro   0x00000000000157f2       0x43 ./Core/Src/fsm_auto.o
 .debug_macro   0x0000000000015835       0x34 ./Core/Src/fsm_auto.o
 .debug_macro   0x0000000000015869       0x16 ./Core/Src/fsm_auto.o
 .debug_macro   0x000000000001587f       0x57 ./Core/Src/fsm_auto.o
 .debug_macro   0x00000000000158d6       0x97 ./Core/Src/fsm_auto.o
 .debug_macro   0x000000000001596d      0x369 ./Core/Src/fsm_auto.o
 .debug_macro   0x0000000000015cd6       0xfd ./Core/Src/fsm_auto.o
 .debug_macro   0x0000000000015dd3       0x10 ./Core/Src/fsm_auto.o
 .debug_macro   0x0000000000015de3       0x16 ./Core/Src/fsm_auto.o
 .debug_macro   0x0000000000015df9       0x43 ./Core/Src/fsm_auto.o
 .debug_macro   0x0000000000015e3c       0x34 ./Core/Src/fsm_auto.o
 .debug_macro   0x0000000000015e70       0x10 ./Core/Src/fsm_auto.o
 .debug_macro   0x0000000000015e80       0x58 ./Core/Src/fsm_auto.o
 .debug_macro   0x0000000000015ed8       0x8e ./Core/Src/fsm_auto.o
 .debug_macro   0x0000000000015f66       0x1c ./Core/Src/fsm_auto.o
 .debug_macro   0x0000000000015f82      0x177 ./Core/Src/fsm_auto.o
 .debug_macro   0x00000000000160f9       0x16 ./Core/Src/fsm_auto.o
 .debug_macro   0x000000000001610f       0x16 ./Core/Src/fsm_auto.o
 .debug_macro   0x0000000000016125      0x147 ./Core/Src/fsm_auto.o
 .debug_macro   0x000000000001626c       0x16 ./Core/Src/fsm_auto.o
 .debug_macro   0x0000000000016282       0x35 ./Core/Src/fsm_auto.o
 .debug_macro   0x00000000000162b7       0x16 ./Core/Src/fsm_auto.o
 .debug_macro   0x00000000000162cd       0x29 ./Core/Src/fsm_auto.o
 .debug_macro   0x00000000000162f6       0x56 ./Core/Src/fsm_auto.o
 .debug_macro   0x000000000001634c       0x10 ./Core/Src/fsm_auto.o
 .debug_macro   0x000000000001635c       0x5e ./Core/Src/fsm_auto.o
 .debug_macro   0x00000000000163ba      0x2f4 ./Core/Src/fsm_manual.o
 .debug_macro   0x00000000000166ae      0x2e8 ./Core/Src/global.o
 .debug_macro   0x0000000000016996       0x61 ./Core/Src/global.o
 .debug_macro   0x00000000000169f7      0x2e6 ./Core/Src/input_reading.o
 .debug_macro   0x0000000000016cdd      0x2f6 ./Core/Src/light_traffic.o
 .debug_macro   0x0000000000016fd3      0x30e ./Core/Src/main.o
 .debug_macro   0x00000000000172e1      0x153 ./Core/Src/soft_timer.o
 .debug_macro   0x0000000000017434      0x1a6 ./Core/Src/stm32f1xx_hal_msp.o
 .debug_macro   0x00000000000175da      0x1b0 ./Core/Src/stm32f1xx_it.o
 .debug_macro   0x000000000001778a      0x197 ./Core/Src/system_stm32f1xx.o
 .debug_macro   0x0000000000017921      0x1bb ./Drivers/STM32F1xx_HAL_Driver/Src/stm32f1xx_hal.o
 .debug_macro   0x0000000000017adc      0x197 ./Drivers/STM32F1xx_HAL_Driver/Src/stm32f1xx_hal_cortex.o
 .debug_macro   0x0000000000017c73      0x202 ./Drivers/STM32F1xx_HAL_Driver/Src/stm32f1xx_hal_gpio.o
 .debug_macro   0x0000000000017e75      0x1a9 ./Drivers/STM32F1xx_HAL_Driver/Src/stm32f1xx_hal_rcc.o
 .debug_macro   0x000000000001801e      0x198 ./Drivers/STM32F1xx_HAL_Driver/Src/stm32f1xx_hal_tim.o
 .debug_macro   0x00000000000181b6      0x197 ./Drivers/STM32F1xx_HAL_Driver/Src/stm32f1xx_hal_tim_ex.o

.debug_line     0x0000000000000000     0xd71e
 .debug_line    0x0000000000000000      0x7a6 ./Core/Src/display7SEG.o
 .debug_line    0x00000000000007a6      0x931 ./Core/Src/fsm_auto.o
 .debug_line    0x00000000000010d7      0x96f ./Core/Src/fsm_manual.o
 .debug_line    0x0000000000001a46      0x897 ./Core/Src/global.o
 .debug_line    0x00000000000022dd      0xa28 ./Core/Src/input_reading.o
 .debug_line    0x0000000000002d05      0x98b ./Core/Src/light_traffic.o
 .debug_line    0x0000000000003690      0x9fa ./Core/Src/main.o
 .debug_line    0x000000000000408a      0x5df ./Core/Src/soft_timer.o
 .debug_line    0x0000000000004669      0x729 ./Core/Src/stm32f1xx_hal_msp.o
 .debug_line    0x0000000000004d92      0x7c7 ./Core/Src/stm32f1xx_it.o
 .debug_line    0x0000000000005559      0x76b ./Core/Src/system_stm32f1xx.o
 .debug_line    0x0000000000005cc4       0x78 ./Core/Startup/startup_stm32f103c6tx.o
 .debug_line    0x0000000000005d3c      0x998 ./Drivers/STM32F1xx_HAL_Driver/Src/stm32f1xx_hal.o
 .debug_line    0x00000000000066d4      0xb80 ./Drivers/STM32F1xx_HAL_Driver/Src/stm32f1xx_hal_cortex.o
 .debug_line    0x0000000000007254      0xa1c ./Drivers/STM32F1xx_HAL_Driver/Src/stm32f1xx_hal_gpio.o
 .debug_line    0x0000000000007c70      0xda1 ./Drivers/STM32F1xx_HAL_Driver/Src/stm32f1xx_hal_rcc.o
 .debug_line    0x0000000000008a11     0x3456 ./Drivers/STM32F1xx_HAL_Driver/Src/stm32f1xx_hal_tim.o
 .debug_line    0x000000000000be67     0x18b7 ./Drivers/STM32F1xx_HAL_Driver/Src/stm32f1xx_hal_tim_ex.o

.debug_str      0x0000000000000000    0x85ce3
 .debug_str     0x0000000000000000    0x7f6fb ./Core/Src/display7SEG.o
                                      0x7fa39 (size before relaxing)
 .debug_str     0x000000000007f6fb     0x39f9 ./Core/Src/fsm_auto.o
                                      0x833e7 (size before relaxing)
 .debug_str     0x00000000000830f4       0x61 ./Core/Src/fsm_manual.o
                                      0x8335b (size before relaxing)
 .debug_str     0x0000000000083155       0x3d ./Core/Src/global.o
                                      0x833b3 (size before relaxing)
 .debug_str     0x0000000000083192       0xb3 ./Core/Src/input_reading.o
                                      0x833f3 (size before relaxing)
 .debug_str     0x0000000000083245       0x66 ./Core/Src/light_traffic.o
                                      0x83430 (size before relaxing)
 .debug_str     0x00000000000832ab      0x7b2 ./Core/Src/main.o
                                      0x83c0e (size before relaxing)
 .debug_str     0x0000000000083a5d       0x4a ./Core/Src/soft_timer.o
                                       0x6cff (size before relaxing)
 .debug_str     0x0000000000083aa7      0x300 ./Core/Src/stm32f1xx_hal_msp.o
                                      0x801a0 (size before relaxing)
 .debug_str     0x0000000000083da7       0xec ./Core/Src/stm32f1xx_it.o
                                      0x7fedb (size before relaxing)
 .debug_str     0x0000000000083e93       0x7e ./Core/Src/system_stm32f1xx.o
                                      0x7f6ca (size before relaxing)
 .debug_str     0x0000000000083f11       0x34 ./Core/Startup/startup_stm32f103c6tx.o
                                         0x65 (size before relaxing)
 .debug_str     0x0000000000083f45      0x38e ./Drivers/STM32F1xx_HAL_Driver/Src/stm32f1xx_hal.o
                                      0x7fdc3 (size before relaxing)
 .debug_str     0x00000000000842d3      0x294 ./Drivers/STM32F1xx_HAL_Driver/Src/stm32f1xx_hal_cortex.o
                                      0x7fd0f (size before relaxing)
 .debug_str     0x0000000000084567      0x2e0 ./Drivers/STM32F1xx_HAL_Driver/Src/stm32f1xx_hal_gpio.o
                                      0x7fa50 (size before relaxing)
 .debug_str     0x0000000000084847      0x229 ./Drivers/STM32F1xx_HAL_Driver/Src/stm32f1xx_hal_rcc.o
                                      0x7faf9 (size before relaxing)
 .debug_str     0x0000000000084a70      0xde0 ./Drivers/STM32F1xx_HAL_Driver/Src/stm32f1xx_hal_tim.o
                                      0x80afb (size before relaxing)
 .debug_str     0x0000000000085850      0x493 ./Drivers/STM32F1xx_HAL_Driver/Src/stm32f1xx_hal_tim_ex.o
                                      0x80307 (size before relaxing)

.debug_frame    0x0000000000000000     0x28e4
 .debug_frame   0x0000000000000000       0x9c ./Core/Src/display7SEG.o
 .debug_frame   0x000000000000009c       0x2c ./Core/Src/fsm_auto.o
 .debug_frame   0x00000000000000c8       0x34 ./Core/Src/fsm_manual.o
 .debug_frame   0x00000000000000fc       0x2c ./Core/Src/global.o
 .debug_frame   0x0000000000000128       0xd4 ./Core/Src/input_reading.o
 .debug_frame   0x00000000000001fc       0x9c ./Core/Src/light_traffic.o
 .debug_frame   0x0000000000000298       0xd4 ./Core/Src/main.o
 .debug_frame   0x000000000000036c       0x88 ./Core/Src/soft_timer.o
 .debug_frame   0x00000000000003f4       0x80 ./Core/Src/stm32f1xx_hal_msp.o
 .debug_frame   0x0000000000000474      0x120 ./Core/Src/stm32f1xx_it.o
 .debug_frame   0x0000000000000594       0x58 ./Core/Src/system_stm32f1xx.o
 .debug_frame   0x00000000000005ec      0x334 ./Drivers/STM32F1xx_HAL_Driver/Src/stm32f1xx_hal.o
 .debug_frame   0x0000000000000920      0x428 ./Drivers/STM32F1xx_HAL_Driver/Src/stm32f1xx_hal_cortex.o
 .debug_frame   0x0000000000000d48      0x14c ./Drivers/STM32F1xx_HAL_Driver/Src/stm32f1xx_hal_gpio.o
 .debug_frame   0x0000000000000e94      0x218 ./Drivers/STM32F1xx_HAL_Driver/Src/stm32f1xx_hal_rcc.o
 .debug_frame   0x00000000000010ac     0x11b4 ./Drivers/STM32F1xx_HAL_Driver/Src/stm32f1xx_hal_tim.o
 .debug_frame   0x0000000000002260      0x638 ./Drivers/STM32F1xx_HAL_Driver/Src/stm32f1xx_hal_tim_ex.o
 .debug_frame   0x0000000000002898       0x20 C:/ST/STM32CubeIDE_1.13.0/STM32CubeIDE/plugins/com.st.stm32cube.ide.mcu.externaltools.gnu-tools-for-stm32.11.3.rel1.win32_1.1.100.202309141235/tools/bin/../lib/gcc/arm-none-eabi/11.3.1/../../../../arm-none-eabi/lib/thumb/v7-m/nofp\libc_nano.a(libc_a-memset.o)
 .debug_frame   0x00000000000028b8       0x2c C:/ST/STM32CubeIDE_1.13.0/STM32CubeIDE/plugins/com.st.stm32cube.ide.mcu.externaltools.gnu-tools-for-stm32.11.3.rel1.win32_1.1.100.202309141235/tools/bin/../lib/gcc/arm-none-eabi/11.3.1/../../../../arm-none-eabi/lib/thumb/v7-m/nofp\libc_nano.a(libc_a-init.o)

.debug_line_str
                0x0000000000000000       0x59
 .debug_line_str
                0x0000000000000000       0x59 ./Core/Startup/startup_stm32f103c6tx.o
                                         0x71 (size before relaxing)
